// Jest Snapshot v1, https://goo.gl/fbAQLP

exports[`NewPasswordForm Matches snapshot 1`] = `
<form
  title="new password form"
>
  <p
    class="message _success"
    style="display: none;"
  >
    Your password was successfully changed.
  </p>
  <input-field-stub
    data-cy="password-input"
    label="New password:"
    placeholder="Enter new password"
    required="true"
    type="password"
    value=""
  />
  <input-field-stub
    class="mrg_b__lrg"
    data-cy="confirm-password-input"
    label="Confirm password:"
    placeholder="Confirm new password"
    required="true"
    type="password"
    value=""
  />
  <submit-button-stub
    class=""
    data-cy="submit-button"
    disabled="true"
    label="Save"
  />
</form>
`;
